Archive member included to satisfy reference by file (symbol)

c:/program files (x86)/atmel/studio/7.0/toolchain/avr8/avr8-gnu-toolchain/bin/../lib/gcc/avr/5.4.0/../../../../avr/lib/avr5\libm.a(addsf3.o)
                              HAL/car control/carControl.o (__subsf3)
c:/program files (x86)/atmel/studio/7.0/toolchain/avr8/avr8-gnu-toolchain/bin/../lib/gcc/avr/5.4.0/../../../../avr/lib/avr5\libm.a(addsf3x.o)
                              c:/program files (x86)/atmel/studio/7.0/toolchain/avr8/avr8-gnu-toolchain/bin/../lib/gcc/avr/5.4.0/../../../../avr/lib/avr5\libm.a(addsf3.o) (__addsf3x)
c:/program files (x86)/atmel/studio/7.0/toolchain/avr8/avr8-gnu-toolchain/bin/../lib/gcc/avr/5.4.0/../../../../avr/lib/avr5\libm.a(ceil.o)
                              MCAL/timers/timer.o (ceil)
c:/program files (x86)/atmel/studio/7.0/toolchain/avr8/avr8-gnu-toolchain/bin/../lib/gcc/avr/5.4.0/../../../../avr/lib/avr5\libm.a(cmpsf2.o)
                              MCAL/timers/timer.o (__ltsf2)
c:/program files (x86)/atmel/studio/7.0/toolchain/avr8/avr8-gnu-toolchain/bin/../lib/gcc/avr/5.4.0/../../../../avr/lib/avr5\libm.a(divsf3.o)
                              HAL/car control/carControl.o (__divsf3)
c:/program files (x86)/atmel/studio/7.0/toolchain/avr8/avr8-gnu-toolchain/bin/../lib/gcc/avr/5.4.0/../../../../avr/lib/avr5\libm.a(divsf3x.o)
                              c:/program files (x86)/atmel/studio/7.0/toolchain/avr8/avr8-gnu-toolchain/bin/../lib/gcc/avr/5.4.0/../../../../avr/lib/avr5\libm.a(divsf3.o) (__divsf3x)
c:/program files (x86)/atmel/studio/7.0/toolchain/avr8/avr8-gnu-toolchain/bin/../lib/gcc/avr/5.4.0/../../../../avr/lib/avr5\libm.a(fixunssfsi.o)
                              MCAL/timers/timer.o (__fixunssfsi)
c:/program files (x86)/atmel/studio/7.0/toolchain/avr8/avr8-gnu-toolchain/bin/../lib/gcc/avr/5.4.0/../../../../avr/lib/avr5\libm.a(fp_cmp.o)
                              c:/program files (x86)/atmel/studio/7.0/toolchain/avr8/avr8-gnu-toolchain/bin/../lib/gcc/avr/5.4.0/../../../../avr/lib/avr5\libm.a(cmpsf2.o) (__fp_cmp)
c:/program files (x86)/atmel/studio/7.0/toolchain/avr8/avr8-gnu-toolchain/bin/../lib/gcc/avr/5.4.0/../../../../avr/lib/avr5\libm.a(fp_inf.o)
                              c:/program files (x86)/atmel/studio/7.0/toolchain/avr8/avr8-gnu-toolchain/bin/../lib/gcc/avr/5.4.0/../../../../avr/lib/avr5\libm.a(addsf3x.o) (__fp_inf)
c:/program files (x86)/atmel/studio/7.0/toolchain/avr8/avr8-gnu-toolchain/bin/../lib/gcc/avr/5.4.0/../../../../avr/lib/avr5\libm.a(fp_mintl.o)
                              c:/program files (x86)/atmel/studio/7.0/toolchain/avr8/avr8-gnu-toolchain/bin/../lib/gcc/avr/5.4.0/../../../../avr/lib/avr5\libm.a(ceil.o) (__fp_mintl)
c:/program files (x86)/atmel/studio/7.0/toolchain/avr8/avr8-gnu-toolchain/bin/../lib/gcc/avr/5.4.0/../../../../avr/lib/avr5\libm.a(fp_mpack.o)
                              c:/program files (x86)/atmel/studio/7.0/toolchain/avr8/avr8-gnu-toolchain/bin/../lib/gcc/avr/5.4.0/../../../../avr/lib/avr5\libm.a(ceil.o) (__fp_mpack)
c:/program files (x86)/atmel/studio/7.0/toolchain/avr8/avr8-gnu-toolchain/bin/../lib/gcc/avr/5.4.0/../../../../avr/lib/avr5\libm.a(fp_nan.o)
                              c:/program files (x86)/atmel/studio/7.0/toolchain/avr8/avr8-gnu-toolchain/bin/../lib/gcc/avr/5.4.0/../../../../avr/lib/avr5\libm.a(addsf3x.o) (__fp_nan)
c:/program files (x86)/atmel/studio/7.0/toolchain/avr8/avr8-gnu-toolchain/bin/../lib/gcc/avr/5.4.0/../../../../avr/lib/avr5\libm.a(fp_pscA.o)
                              c:/program files (x86)/atmel/studio/7.0/toolchain/avr8/avr8-gnu-toolchain/bin/../lib/gcc/avr/5.4.0/../../../../avr/lib/avr5\libm.a(addsf3x.o) (__fp_pscA)
c:/program files (x86)/atmel/studio/7.0/toolchain/avr8/avr8-gnu-toolchain/bin/../lib/gcc/avr/5.4.0/../../../../avr/lib/avr5\libm.a(fp_pscB.o)
                              c:/program files (x86)/atmel/studio/7.0/toolchain/avr8/avr8-gnu-toolchain/bin/../lib/gcc/avr/5.4.0/../../../../avr/lib/avr5\libm.a(addsf3x.o) (__fp_pscB)
c:/program files (x86)/atmel/studio/7.0/toolchain/avr8/avr8-gnu-toolchain/bin/../lib/gcc/avr/5.4.0/../../../../avr/lib/avr5\libm.a(fp_round.o)
                              c:/program files (x86)/atmel/studio/7.0/toolchain/avr8/avr8-gnu-toolchain/bin/../lib/gcc/avr/5.4.0/../../../../avr/lib/avr5\libm.a(addsf3.o) (__fp_round)
c:/program files (x86)/atmel/studio/7.0/toolchain/avr8/avr8-gnu-toolchain/bin/../lib/gcc/avr/5.4.0/../../../../avr/lib/avr5\libm.a(fp_split3.o)
                              c:/program files (x86)/atmel/studio/7.0/toolchain/avr8/avr8-gnu-toolchain/bin/../lib/gcc/avr/5.4.0/../../../../avr/lib/avr5\libm.a(addsf3x.o) (__fp_split3)
c:/program files (x86)/atmel/studio/7.0/toolchain/avr8/avr8-gnu-toolchain/bin/../lib/gcc/avr/5.4.0/../../../../avr/lib/avr5\libm.a(fp_trunc.o)
                              c:/program files (x86)/atmel/studio/7.0/toolchain/avr8/avr8-gnu-toolchain/bin/../lib/gcc/avr/5.4.0/../../../../avr/lib/avr5\libm.a(ceil.o) (__fp_trunc)
c:/program files (x86)/atmel/studio/7.0/toolchain/avr8/avr8-gnu-toolchain/bin/../lib/gcc/avr/5.4.0/../../../../avr/lib/avr5\libm.a(fp_zero.o)
                              c:/program files (x86)/atmel/studio/7.0/toolchain/avr8/avr8-gnu-toolchain/bin/../lib/gcc/avr/5.4.0/../../../../avr/lib/avr5\libm.a(addsf3x.o) (__fp_zero)
c:/program files (x86)/atmel/studio/7.0/toolchain/avr8/avr8-gnu-toolchain/bin/../lib/gcc/avr/5.4.0/../../../../avr/lib/avr5\libm.a(gesf2.o)
                              MCAL/timers/timer.o (__gesf2)
c:/program files (x86)/atmel/studio/7.0/toolchain/avr8/avr8-gnu-toolchain/bin/../lib/gcc/avr/5.4.0/../../../../avr/lib/avr5\libm.a(mulsf3.o)
                              HAL/car control/carControl.o (__mulsf3)
c:/program files (x86)/atmel/studio/7.0/toolchain/avr8/avr8-gnu-toolchain/bin/../lib/gcc/avr/5.4.0/../../../../avr/lib/avr5\libm.a(mulsf3x.o)
                              c:/program files (x86)/atmel/studio/7.0/toolchain/avr8/avr8-gnu-toolchain/bin/../lib/gcc/avr/5.4.0/../../../../avr/lib/avr5\libm.a(mulsf3.o) (__mulsf3x)
c:/program files (x86)/atmel/studio/7.0/toolchain/avr8/avr8-gnu-toolchain/bin/../lib/gcc/avr/5.4.0/avr5\libgcc.a(_udivmodsi4.o)
                              HAL/lcd/lcd.o (__udivmodsi4)
c:/program files (x86)/atmel/studio/7.0/toolchain/avr8/avr8-gnu-toolchain/bin/../lib/gcc/avr/5.4.0/avr5\libgcc.a(_exit.o)
                              C:/Program Files (x86)/Atmel/Studio/7.0/Packs/Atmel/ATmega_DFP/1.7.374/gcc/dev/atmega32a/avr5/crtatmega32a.o (exit)
c:/program files (x86)/atmel/studio/7.0/toolchain/avr8/avr8-gnu-toolchain/bin/../lib/gcc/avr/5.4.0/avr5\libgcc.a(_tablejump2.o)
                              MCAL/timers/timer.o (__tablejump2__)
c:/program files (x86)/atmel/studio/7.0/toolchain/avr8/avr8-gnu-toolchain/bin/../lib/gcc/avr/5.4.0/avr5\libgcc.a(_copy_data.o)
                              APP/app.o (__do_copy_data)
c:/program files (x86)/atmel/studio/7.0/toolchain/avr8/avr8-gnu-toolchain/bin/../lib/gcc/avr/5.4.0/avr5\libgcc.a(_clear_bss.o)
                              APP/app.o (__do_clear_bss)

Allocating common symbols
Common symbol       size              file

g_time2             0x4               HAL/car control/carControl.o
time_rotation_state
                    0x4               HAL/car control/carControl.o
g_timerFlag         0x1               APP/app.o
rotation_per_circle
                    0x4               HAL/car control/carControl.o
g_speed             0x4               HAL/car control/carControl.o
u8_sg_distance      0x2               APP/app.o
g_time1             0x4               HAL/car control/carControl.o

Discarded input sections

 .data          0x00000000        0x0 C:/Program Files (x86)/Atmel/Studio/7.0/Packs/Atmel/ATmega_DFP/1.7.374/gcc/dev/atmega32a/avr5/crtatmega32a.o
 .bss           0x00000000        0x0 C:/Program Files (x86)/Atmel/Studio/7.0/Packs/Atmel/ATmega_DFP/1.7.374/gcc/dev/atmega32a/avr5/crtatmega32a.o
 .text          0x00000000        0x0 APP/app.o
 .data          0x00000000        0x0 APP/app.o
 .bss           0x00000000        0x0 APP/app.o
 .text          0x00000000        0x0 HAL/button/button.o
 .data          0x00000000        0x0 HAL/button/button.o
 .bss           0x00000000        0x0 HAL/button/button.o
 .text.Button_INIT
                0x00000000       0x12 HAL/button/button.o
 .text          0x00000000        0x0 HAL/car control/carControl.o
 .data          0x00000000        0x0 HAL/car control/carControl.o
 .bss           0x00000000        0x0 HAL/car control/carControl.o
 .text          0x00000000        0x0 HAL/icu/icu.o
 .data          0x00000000        0x0 HAL/icu/icu.o
 .bss           0x00000000        0x0 HAL/icu/icu.o
 .text          0x00000000        0x0 HAL/keypad/keypad.o
 .data          0x00000000        0x0 HAL/keypad/keypad.o
 .bss           0x00000000        0x0 HAL/keypad/keypad.o
 .text          0x00000000        0x0 HAL/lcd/lcd.o
 .data          0x00000000        0x0 HAL/lcd/lcd.o
 .bss           0x00000000        0x0 HAL/lcd/lcd.o
 .text.LCD_Write_Charecter
                0x00000000        0x6 HAL/lcd/lcd.o
 .text.LCD_Create_Charecter
                0x00000000       0x34 HAL/lcd/lcd.o
 .text          0x00000000        0x0 HAL/motor/motor.o
 .data          0x00000000        0x0 HAL/motor/motor.o
 .bss           0x00000000        0x0 HAL/motor/motor.o
 .text.Car_Motors_init
                0x00000000       0x22 HAL/motor/motor.o
 .text.Car_Rotating
                0x00000000       0x22 HAL/motor/motor.o
 .text          0x00000000        0x0 HAL/ultrasonic/us.o
 .data          0x00000000        0x0 HAL/ultrasonic/us.o
 .bss           0x00000000        0x0 HAL/ultrasonic/us.o
 .text          0x00000000        0x0 main.o
 .data          0x00000000        0x0 main.o
 .bss           0x00000000        0x0 main.o
 .text          0x00000000        0x0 MCAL/dio/dio.o
 .data          0x00000000        0x0 MCAL/dio/dio.o
 .bss           0x00000000        0x0 MCAL/dio/dio.o
 .text.DIO_TogglePin
                0x00000000       0x82 MCAL/dio/dio.o
 .text.DIO_WritePort
                0x00000000       0x20 MCAL/dio/dio.o
 .text.DIO_Init_MCU
                0x00000000       0x26 MCAL/dio/dio.o
 .text          0x00000000        0x0 MCAL/dio/dio_lcfg.o
 .data          0x00000000        0x0 MCAL/dio/dio_lcfg.o
 .bss           0x00000000        0x0 MCAL/dio/dio_lcfg.o
 .rodata.PinsStatusArray
                0x00000000       0x20 MCAL/dio/dio_lcfg.o
 .text          0x00000000        0x0 MCAL/exi/exi_interrupt.o
 .data          0x00000000        0x0 MCAL/exi/exi_interrupt.o
 .bss           0x00000000        0x0 MCAL/exi/exi_interrupt.o
 .text          0x00000000        0x0 MCAL/timers/timer.o
 .data          0x00000000        0x0 MCAL/timers/timer.o
 .bss           0x00000000        0x0 MCAL/timers/timer.o
 .text.TIMER_0_stop
                0x00000000       0x14 MCAL/timers/timer.o
 .text.Timer1_OVF_InterruptDisable
                0x00000000        0x8 MCAL/timers/timer.o
 .text.TIMER_2_setIntialValue
                0x00000000        0x6 MCAL/timers/timer.o
 .text.TIMER_2_OvfNum
                0x00000000       0x92 MCAL/timers/timer.o
 .text.TIMER_2_DELAY_MS
                0x00000000       0x4c MCAL/timers/timer.o
 .text          0x00000000        0x0 MCAL/timers/timer_cfg.o
 .data          0x00000000        0x0 MCAL/timers/timer_cfg.o
 .bss           0x00000000        0x0 MCAL/timers/timer_cfg.o
 .text          0x00000000        0x0 c:/program files (x86)/atmel/studio/7.0/toolchain/avr8/avr8-gnu-toolchain/bin/../lib/gcc/avr/5.4.0/../../../../avr/lib/avr5\libm.a(addsf3.o)
 .data          0x00000000        0x0 c:/program files (x86)/atmel/studio/7.0/toolchain/avr8/avr8-gnu-toolchain/bin/../lib/gcc/avr/5.4.0/../../../../avr/lib/avr5\libm.a(addsf3.o)
 .bss           0x00000000        0x0 c:/program files (x86)/atmel/studio/7.0/toolchain/avr8/avr8-gnu-toolchain/bin/../lib/gcc/avr/5.4.0/../../../../avr/lib/avr5\libm.a(addsf3.o)
 .text          0x00000000        0x0 c:/program files (x86)/atmel/studio/7.0/toolchain/avr8/avr8-gnu-toolchain/bin/../lib/gcc/avr/5.4.0/../../../../avr/lib/avr5\libm.a(addsf3x.o)
 .data          0x00000000        0x0 c:/program files (x86)/atmel/studio/7.0/toolchain/avr8/avr8-gnu-toolchain/bin/../lib/gcc/avr/5.4.0/../../../../avr/lib/avr5\libm.a(addsf3x.o)
 .bss           0x00000000        0x0 c:/program files (x86)/atmel/studio/7.0/toolchain/avr8/avr8-gnu-toolchain/bin/../lib/gcc/avr/5.4.0/../../../../avr/lib/avr5\libm.a(addsf3x.o)
 .text          0x00000000        0x0 c:/program files (x86)/atmel/studio/7.0/toolchain/avr8/avr8-gnu-toolchain/bin/../lib/gcc/avr/5.4.0/../../../../avr/lib/avr5\libm.a(ceil.o)
 .data          0x00000000        0x0 c:/program files (x86)/atmel/studio/7.0/toolchain/avr8/avr8-gnu-toolchain/bin/../lib/gcc/avr/5.4.0/../../../../avr/lib/avr5\libm.a(ceil.o)
 .bss           0x00000000        0x0 c:/program files (x86)/atmel/studio/7.0/toolchain/avr8/avr8-gnu-toolchain/bin/../lib/gcc/avr/5.4.0/../../../../avr/lib/avr5\libm.a(ceil.o)
 .text          0x00000000        0x0 c:/program files (x86)/atmel/studio/7.0/toolchain/avr8/avr8-gnu-toolchain/bin/../lib/gcc/avr/5.4.0/../../../../avr/lib/avr5\libm.a(cmpsf2.o)
 .data          0x00000000        0x0 c:/program files (x86)/atmel/studio/7.0/toolchain/avr8/avr8-gnu-toolchain/bin/../lib/gcc/avr/5.4.0/../../../../avr/lib/avr5\libm.a(cmpsf2.o)
 .bss           0x00000000        0x0 c:/program files (x86)/atmel/studio/7.0/toolchain/avr8/avr8-gnu-toolchain/bin/../lib/gcc/avr/5.4.0/../../../../avr/lib/avr5\libm.a(cmpsf2.o)
 .text          0x00000000        0x0 c:/program files (x86)/atmel/studio/7.0/toolchain/avr8/avr8-gnu-toolchain/bin/../lib/gcc/avr/5.4.0/../../../../avr/lib/avr5\libm.a(divsf3.o)
 .data          0x00000000        0x0 c:/program files (x86)/atmel/studio/7.0/toolchain/avr8/avr8-gnu-toolchain/bin/../lib/gcc/avr/5.4.0/../../../../avr/lib/avr5\libm.a(divsf3.o)
 .bss           0x00000000        0x0 c:/program files (x86)/atmel/studio/7.0/toolchain/avr8/avr8-gnu-toolchain/bin/../lib/gcc/avr/5.4.0/../../../../avr/lib/avr5\libm.a(divsf3.o)
 .text          0x00000000        0x0 c:/program files (x86)/atmel/studio/7.0/toolchain/avr8/avr8-gnu-toolchain/bin/../lib/gcc/avr/5.4.0/../../../../avr/lib/avr5\libm.a(divsf3x.o)
 .data          0x00000000        0x0 c:/program files (x86)/atmel/studio/7.0/toolchain/avr8/avr8-gnu-toolchain/bin/../lib/gcc/avr/5.4.0/../../../../avr/lib/avr5\libm.a(divsf3x.o)
 .bss           0x00000000        0x0 c:/program files (x86)/atmel/studio/7.0/toolchain/avr8/avr8-gnu-toolchain/bin/../lib/gcc/avr/5.4.0/../../../../avr/lib/avr5\libm.a(divsf3x.o)
 .text          0x00000000        0x0 c:/program files (x86)/atmel/studio/7.0/toolchain/avr8/avr8-gnu-toolchain/bin/../lib/gcc/avr/5.4.0/../../../../avr/lib/avr5\libm.a(fixunssfsi.o)
 .data          0x00000000        0x0 c:/program files (x86)/atmel/studio/7.0/toolchain/avr8/avr8-gnu-toolchain/bin/../lib/gcc/avr/5.4.0/../../../../avr/lib/avr5\libm.a(fixunssfsi.o)
 .bss           0x00000000        0x0 c:/program files (x86)/atmel/studio/7.0/toolchain/avr8/avr8-gnu-toolchain/bin/../lib/gcc/avr/5.4.0/../../../../avr/lib/avr5\libm.a(fixunssfsi.o)
 .text          0x00000000        0x0 c:/program files (x86)/atmel/studio/7.0/toolchain/avr8/avr8-gnu-toolchain/bin/../lib/gcc/avr/5.4.0/../../../../avr/lib/avr5\libm.a(fp_cmp.o)
 .data          0x00000000        0x0 c:/program files (x86)/atmel/studio/7.0/toolchain/avr8/avr8-gnu-toolchain/bin/../lib/gcc/avr/5.4.0/../../../../avr/lib/avr5\libm.a(fp_cmp.o)
 .bss           0x00000000        0x0 c:/program files (x86)/atmel/studio/7.0/toolchain/avr8/avr8-gnu-toolchain/bin/../lib/gcc/avr/5.4.0/../../../../avr/lib/avr5\libm.a(fp_cmp.o)
 .text          0x00000000        0x0 c:/program files (x86)/atmel/studio/7.0/toolchain/avr8/avr8-gnu-toolchain/bin/../lib/gcc/avr/5.4.0/../../../../avr/lib/avr5\libm.a(fp_inf.o)
 .data          0x00000000        0x0 c:/program files (x86)/atmel/studio/7.0/toolchain/avr8/avr8-gnu-toolchain/bin/../lib/gcc/avr/5.4.0/../../../../avr/lib/avr5\libm.a(fp_inf.o)
 .bss           0x00000000        0x0 c:/program files (x86)/atmel/studio/7.0/toolchain/avr8/avr8-gnu-toolchain/bin/../lib/gcc/avr/5.4.0/../../../../avr/lib/avr5\libm.a(fp_inf.o)
 .text          0x00000000        0x0 c:/program files (x86)/atmel/studio/7.0/toolchain/avr8/avr8-gnu-toolchain/bin/../lib/gcc/avr/5.4.0/../../../../avr/lib/avr5\libm.a(fp_mintl.o)
 .data          0x00000000        0x0 c:/program files (x86)/atmel/studio/7.0/toolchain/avr8/avr8-gnu-toolchain/bin/../lib/gcc/avr/5.4.0/../../../../avr/lib/avr5\libm.a(fp_mintl.o)
 .bss           0x00000000        0x0 c:/program files (x86)/atmel/studio/7.0/toolchain/avr8/avr8-gnu-toolchain/bin/../lib/gcc/avr/5.4.0/../../../../avr/lib/avr5\libm.a(fp_mintl.o)
 .text          0x00000000        0x0 c:/program files (x86)/atmel/studio/7.0/toolchain/avr8/avr8-gnu-toolchain/bin/../lib/gcc/avr/5.4.0/../../../../avr/lib/avr5\libm.a(fp_mpack.o)
 .data          0x00000000        0x0 c:/program files (x86)/atmel/studio/7.0/toolchain/avr8/avr8-gnu-toolchain/bin/../lib/gcc/avr/5.4.0/../../../../avr/lib/avr5\libm.a(fp_mpack.o)
 .bss           0x00000000        0x0 c:/program files (x86)/atmel/studio/7.0/toolchain/avr8/avr8-gnu-toolchain/bin/../lib/gcc/avr/5.4.0/../../../../avr/lib/avr5\libm.a(fp_mpack.o)
 .text          0x00000000        0x0 c:/program files (x86)/atmel/studio/7.0/toolchain/avr8/avr8-gnu-toolchain/bin/../lib/gcc/avr/5.4.0/../../../../avr/lib/avr5\libm.a(fp_nan.o)
 .data          0x00000000        0x0 c:/program files (x86)/atmel/studio/7.0/toolchain/avr8/avr8-gnu-toolchain/bin/../lib/gcc/avr/5.4.0/../../../../avr/lib/avr5\libm.a(fp_nan.o)
 .bss           0x00000000        0x0 c:/program files (x86)/atmel/studio/7.0/toolchain/avr8/avr8-gnu-toolchain/bin/../lib/gcc/avr/5.4.0/../../../../avr/lib/avr5\libm.a(fp_nan.o)
 .text          0x00000000        0x0 c:/program files (x86)/atmel/studio/7.0/toolchain/avr8/avr8-gnu-toolchain/bin/../lib/gcc/avr/5.4.0/../../../../avr/lib/avr5\libm.a(fp_pscA.o)
 .data          0x00000000        0x0 c:/program files (x86)/atmel/studio/7.0/toolchain/avr8/avr8-gnu-toolchain/bin/../lib/gcc/avr/5.4.0/../../../../avr/lib/avr5\libm.a(fp_pscA.o)
 .bss           0x00000000        0x0 c:/program files (x86)/atmel/studio/7.0/toolchain/avr8/avr8-gnu-toolchain/bin/../lib/gcc/avr/5.4.0/../../../../avr/lib/avr5\libm.a(fp_pscA.o)
 .text          0x00000000        0x0 c:/program files (x86)/atmel/studio/7.0/toolchain/avr8/avr8-gnu-toolchain/bin/../lib/gcc/avr/5.4.0/../../../../avr/lib/avr5\libm.a(fp_pscB.o)
 .data          0x00000000        0x0 c:/program files (x86)/atmel/studio/7.0/toolchain/avr8/avr8-gnu-toolchain/bin/../lib/gcc/avr/5.4.0/../../../../avr/lib/avr5\libm.a(fp_pscB.o)
 .bss           0x00000000        0x0 c:/program files (x86)/atmel/studio/7.0/toolchain/avr8/avr8-gnu-toolchain/bin/../lib/gcc/avr/5.4.0/../../../../avr/lib/avr5\libm.a(fp_pscB.o)
 .text          0x00000000        0x0 c:/program files (x86)/atmel/studio/7.0/toolchain/avr8/avr8-gnu-toolchain/bin/../lib/gcc/avr/5.4.0/../../../../avr/lib/avr5\libm.a(fp_round.o)
 .data          0x00000000        0x0 c:/program files (x86)/atmel/studio/7.0/toolchain/avr8/avr8-gnu-toolchain/bin/../lib/gcc/avr/5.4.0/../../../../avr/lib/avr5\libm.a(fp_round.o)
 .bss           0x00000000        0x0 c:/program files (x86)/atmel/studio/7.0/toolchain/avr8/avr8-gnu-toolchain/bin/../lib/gcc/avr/5.4.0/../../../../avr/lib/avr5\libm.a(fp_round.o)
 .text          0x00000000        0x0 c:/program files (x86)/atmel/studio/7.0/toolchain/avr8/avr8-gnu-toolchain/bin/../lib/gcc/avr/5.4.0/../../../../avr/lib/avr5\libm.a(fp_split3.o)
 .data          0x00000000        0x0 c:/program files (x86)/atmel/studio/7.0/toolchain/avr8/avr8-gnu-toolchain/bin/../lib/gcc/avr/5.4.0/../../../../avr/lib/avr5\libm.a(fp_split3.o)
 .bss           0x00000000        0x0 c:/program files (x86)/atmel/studio/7.0/toolchain/avr8/avr8-gnu-toolchain/bin/../lib/gcc/avr/5.4.0/../../../../avr/lib/avr5\libm.a(fp_split3.o)
 .text          0x00000000        0x0 c:/program files (x86)/atmel/studio/7.0/toolchain/avr8/avr8-gnu-toolchain/bin/../lib/gcc/avr/5.4.0/../../../../avr/lib/avr5\libm.a(fp_trunc.o)
 .data          0x00000000        0x0 c:/program files (x86)/atmel/studio/7.0/toolchain/avr8/avr8-gnu-toolchain/bin/../lib/gcc/avr/5.4.0/../../../../avr/lib/avr5\libm.a(fp_trunc.o)
 .bss           0x00000000        0x0 c:/program files (x86)/atmel/studio/7.0/toolchain/avr8/avr8-gnu-toolchain/bin/../lib/gcc/avr/5.4.0/../../../../avr/lib/avr5\libm.a(fp_trunc.o)
 .text          0x00000000        0x0 c:/program files (x86)/atmel/studio/7.0/toolchain/avr8/avr8-gnu-toolchain/bin/../lib/gcc/avr/5.4.0/../../../../avr/lib/avr5\libm.a(fp_zero.o)
 .data          0x00000000        0x0 c:/program files (x86)/atmel/studio/7.0/toolchain/avr8/avr8-gnu-toolchain/bin/../lib/gcc/avr/5.4.0/../../../../avr/lib/avr5\libm.a(fp_zero.o)
 .bss           0x00000000        0x0 c:/program files (x86)/atmel/studio/7.0/toolchain/avr8/avr8-gnu-toolchain/bin/../lib/gcc/avr/5.4.0/../../../../avr/lib/avr5\libm.a(fp_zero.o)
 .text          0x00000000        0x0 c:/program files (x86)/atmel/studio/7.0/toolchain/avr8/avr8-gnu-toolchain/bin/../lib/gcc/avr/5.4.0/../../../../avr/lib/avr5\libm.a(gesf2.o)
 .data          0x00000000        0x0 c:/program files (x86)/atmel/studio/7.0/toolchain/avr8/avr8-gnu-toolchain/bin/../lib/gcc/avr/5.4.0/../../../../avr/lib/avr5\libm.a(gesf2.o)
 .bss           0x00000000        0x0 c:/program files (x86)/atmel/studio/7.0/toolchain/avr8/avr8-gnu-toolchain/bin/../lib/gcc/avr/5.4.0/../../../../avr/lib/avr5\libm.a(gesf2.o)
 .text          0x00000000        0x0 c:/program files (x86)/atmel/studio/7.0/toolchain/avr8/avr8-gnu-toolchain/bin/../lib/gcc/avr/5.4.0/../../../../avr/lib/avr5\libm.a(mulsf3.o)
 .data          0x00000000        0x0 c:/program files (x86)/atmel/studio/7.0/toolchain/avr8/avr8-gnu-toolchain/bin/../lib/gcc/avr/5.4.0/../../../../avr/lib/avr5\libm.a(mulsf3.o)
 .bss           0x00000000        0x0 c:/program files (x86)/atmel/studio/7.0/toolchain/avr8/avr8-gnu-toolchain/bin/../lib/gcc/avr/5.4.0/../../../../avr/lib/avr5\libm.a(mulsf3.o)
 .text          0x00000000        0x0 c:/program files (x86)/atmel/studio/7.0/toolchain/avr8/avr8-gnu-toolchain/bin/../lib/gcc/avr/5.4.0/../../../../avr/lib/avr5\libm.a(mulsf3x.o)
 .data          0x00000000        0x0 c:/program files (x86)/atmel/studio/7.0/toolchain/avr8/avr8-gnu-toolchain/bin/../lib/gcc/avr/5.4.0/../../../../avr/lib/avr5\libm.a(mulsf3x.o)
 .bss           0x00000000        0x0 c:/program files (x86)/atmel/studio/7.0/toolchain/avr8/avr8-gnu-toolchain/bin/../lib/gcc/avr/5.4.0/../../../../avr/lib/avr5\libm.a(mulsf3x.o)
 .text          0x00000000        0x0 c:/program files (x86)/atmel/studio/7.0/toolchain/avr8/avr8-gnu-toolchain/bin/../lib/gcc/avr/5.4.0/avr5\libgcc.a(_udivmodsi4.o)
 .data          0x00000000        0x0 c:/program files (x86)/atmel/studio/7.0/toolchain/avr8/avr8-gnu-toolchain/bin/../lib/gcc/avr/5.4.0/avr5\libgcc.a(_udivmodsi4.o)
 .bss           0x00000000        0x0 c:/program files (x86)/atmel/studio/7.0/toolchain/avr8/avr8-gnu-toolchain/bin/../lib/gcc/avr/5.4.0/avr5\libgcc.a(_udivmodsi4.o)
 .text.libgcc.mul
                0x00000000        0x0 c:/program files (x86)/atmel/studio/7.0/toolchain/avr8/avr8-gnu-toolchain/bin/../lib/gcc/avr/5.4.0/avr5\libgcc.a(_udivmodsi4.o)
 .text.libgcc   0x00000000        0x0 c:/program files (x86)/atmel/studio/7.0/toolchain/avr8/avr8-gnu-toolchain/bin/../lib/gcc/avr/5.4.0/avr5\libgcc.a(_udivmodsi4.o)
 .text.libgcc.prologue
                0x00000000        0x0 c:/program files (x86)/atmel/studio/7.0/toolchain/avr8/avr8-gnu-toolchain/bin/../lib/gcc/avr/5.4.0/avr5\libgcc.a(_udivmodsi4.o)
 .text.libgcc.builtins
                0x00000000        0x0 c:/program files (x86)/atmel/studio/7.0/toolchain/avr8/avr8-gnu-toolchain/bin/../lib/gcc/avr/5.4.0/avr5\libgcc.a(_udivmodsi4.o)
 .text.libgcc.fmul
                0x00000000        0x0 c:/program files (x86)/atmel/studio/7.0/toolchain/avr8/avr8-gnu-toolchain/bin/../lib/gcc/avr/5.4.0/avr5\libgcc.a(_udivmodsi4.o)
 .text.libgcc.fixed
                0x00000000        0x0 c:/program files (x86)/atmel/studio/7.0/toolchain/avr8/avr8-gnu-toolchain/bin/../lib/gcc/avr/5.4.0/avr5\libgcc.a(_udivmodsi4.o)
 .text          0x00000000        0x0 c:/program files (x86)/atmel/studio/7.0/toolchain/avr8/avr8-gnu-toolchain/bin/../lib/gcc/avr/5.4.0/avr5\libgcc.a(_exit.o)
 .data          0x00000000        0x0 c:/program files (x86)/atmel/studio/7.0/toolchain/avr8/avr8-gnu-toolchain/bin/../lib/gcc/avr/5.4.0/avr5\libgcc.a(_exit.o)
 .bss           0x00000000        0x0 c:/program files (x86)/atmel/studio/7.0/toolchain/avr8/avr8-gnu-toolchain/bin/../lib/gcc/avr/5.4.0/avr5\libgcc.a(_exit.o)
 .text.libgcc.mul
                0x00000000        0x0 c:/program files (x86)/atmel/studio/7.0/toolchain/avr8/avr8-gnu-toolchain/bin/../lib/gcc/avr/5.4.0/avr5\libgcc.a(_exit.o)
 .text.libgcc.div
                0x00000000        0x0 c:/program files (x86)/atmel/studio/7.0/toolchain/avr8/avr8-gnu-toolchain/bin/../lib/gcc/avr/5.4.0/avr5\libgcc.a(_exit.o)
 .text.libgcc   0x00000000        0x0 c:/program files (x86)/atmel/studio/7.0/toolchain/avr8/avr8-gnu-toolchain/bin/../lib/gcc/avr/5.4.0/avr5\libgcc.a(_exit.o)
 .text.libgcc.prologue
                0x00000000        0x0 c:/program files (x86)/atmel/studio/7.0/toolchain/avr8/avr8-gnu-toolchain/bin/../lib/gcc/avr/5.4.0/avr5\libgcc.a(_exit.o)
 .text.libgcc.builtins
                0x00000000        0x0 c:/program files (x86)/atmel/studio/7.0/toolchain/avr8/avr8-gnu-toolchain/bin/../lib/gcc/avr/5.4.0/avr5\libgcc.a(_exit.o)
 .text.libgcc.fmul
                0x00000000        0x0 c:/program files (x86)/atmel/studio/7.0/toolchain/avr8/avr8-gnu-toolchain/bin/../lib/gcc/avr/5.4.0/avr5\libgcc.a(_exit.o)
 .text.libgcc.fixed
                0x00000000        0x0 c:/program files (x86)/atmel/studio/7.0/toolchain/avr8/avr8-gnu-toolchain/bin/../lib/gcc/avr/5.4.0/avr5\libgcc.a(_exit.o)
 .text          0x00000000        0x0 c:/program files (x86)/atmel/studio/7.0/toolchain/avr8/avr8-gnu-toolchain/bin/../lib/gcc/avr/5.4.0/avr5\libgcc.a(_tablejump2.o)
 .data          0x00000000        0x0 c:/program files (x86)/atmel/studio/7.0/toolchain/avr8/avr8-gnu-toolchain/bin/../lib/gcc/avr/5.4.0/avr5\libgcc.a(_tablejump2.o)
 .bss           0x00000000        0x0 c:/program files (x86)/atmel/studio/7.0/toolchain/avr8/avr8-gnu-toolchain/bin/../lib/gcc/avr/5.4.0/avr5\libgcc.a(_tablejump2.o)
 .text.libgcc.mul
                0x00000000        0x0 c:/program files (x86)/atmel/studio/7.0/toolchain/avr8/avr8-gnu-toolchain/bin/../lib/gcc/avr/5.4.0/avr5\libgcc.a(_tablejump2.o)
 .text.libgcc.div
                0x00000000        0x0 c:/program files (x86)/atmel/studio/7.0/toolchain/avr8/avr8-gnu-toolchain/bin/../lib/gcc/avr/5.4.0/avr5\libgcc.a(_tablejump2.o)
 .text.libgcc.prologue
                0x00000000        0x0 c:/program files (x86)/atmel/studio/7.0/toolchain/avr8/avr8-gnu-toolchain/bin/../lib/gcc/avr/5.4.0/avr5\libgcc.a(_tablejump2.o)
 .text.libgcc.builtins
                0x00000000        0x0 c:/program files (x86)/atmel/studio/7.0/toolchain/avr8/avr8-gnu-toolchain/bin/../lib/gcc/avr/5.4.0/avr5\libgcc.a(_tablejump2.o)
 .text.libgcc.fmul
                0x00000000        0x0 c:/program files (x86)/atmel/studio/7.0/toolchain/avr8/avr8-gnu-toolchain/bin/../lib/gcc/avr/5.4.0/avr5\libgcc.a(_tablejump2.o)
 .text.libgcc.fixed
                0x00000000        0x0 c:/program files (x86)/atmel/studio/7.0/toolchain/avr8/avr8-gnu-toolchain/bin/../lib/gcc/avr/5.4.0/avr5\libgcc.a(_tablejump2.o)
 .text          0x00000000        0x0 c:/program files (x86)/atmel/studio/7.0/toolchain/avr8/avr8-gnu-toolchain/bin/../lib/gcc/avr/5.4.0/avr5\libgcc.a(_copy_data.o)
 .data          0x00000000        0x0 c:/program files (x86)/atmel/studio/7.0/toolchain/avr8/avr8-gnu-toolchain/bin/../lib/gcc/avr/5.4.0/avr5\libgcc.a(_copy_data.o)
 .bss           0x00000000        0x0 c:/program files (x86)/atmel/studio/7.0/toolchain/avr8/avr8-gnu-toolchain/bin/../lib/gcc/avr/5.4.0/avr5\libgcc.a(_copy_data.o)
 .text.libgcc.mul
                0x00000000        0x0 c:/program files (x86)/atmel/studio/7.0/toolchain/avr8/avr8-gnu-toolchain/bin/../lib/gcc/avr/5.4.0/avr5\libgcc.a(_copy_data.o)
 .text.libgcc.div
                0x00000000        0x0 c:/program files (x86)/atmel/studio/7.0/toolchain/avr8/avr8-gnu-toolchain/bin/../lib/gcc/avr/5.4.0/avr5\libgcc.a(_copy_data.o)
 .text.libgcc   0x00000000        0x0 c:/program files (x86)/atmel/studio/7.0/toolchain/avr8/avr8-gnu-toolchain/bin/../lib/gcc/avr/5.4.0/avr5\libgcc.a(_copy_data.o)
 .text.libgcc.prologue
                0x00000000        0x0 c:/program files (x86)/atmel/studio/7.0/toolchain/avr8/avr8-gnu-toolchain/bin/../lib/gcc/avr/5.4.0/avr5\libgcc.a(_copy_data.o)
 .text.libgcc.builtins
                0x00000000        0x0 c:/program files (x86)/atmel/studio/7.0/toolchain/avr8/avr8-gnu-toolchain/bin/../lib/gcc/avr/5.4.0/avr5\libgcc.a(_copy_data.o)
 .text.libgcc.fmul
                0x00000000        0x0 c:/program files (x86)/atmel/studio/7.0/toolchain/avr8/avr8-gnu-toolchain/bin/../lib/gcc/avr/5.4.0/avr5\libgcc.a(_copy_data.o)
 .text.libgcc.fixed
                0x00000000        0x0 c:/program files (x86)/atmel/studio/7.0/toolchain/avr8/avr8-gnu-toolchain/bin/../lib/gcc/avr/5.4.0/avr5\libgcc.a(_copy_data.o)
 .text          0x00000000        0x0 c:/program files (x86)/atmel/studio/7.0/toolchain/avr8/avr8-gnu-toolchain/bin/../lib/gcc/avr/5.4.0/avr5\libgcc.a(_clear_bss.o)
 .data          0x00000000        0x0 c:/program files (x86)/atmel/studio/7.0/toolchain/avr8/avr8-gnu-toolchain/bin/../lib/gcc/avr/5.4.0/avr5\libgcc.a(_clear_bss.o)
 .bss           0x00000000        0x0 c:/program files (x86)/atmel/studio/7.0/toolchain/avr8/avr8-gnu-toolchain/bin/../lib/gcc/avr/5.4.0/avr5\libgcc.a(_clear_bss.o)
 .text.libgcc.mul
                0x00000000        0x0 c:/program files (x86)/atmel/studio/7.0/toolchain/avr8/avr8-gnu-toolchain/bin/../lib/gcc/avr/5.4.0/avr5\libgcc.a(_clear_bss.o)
 .text.libgcc.div
                0x00000000        0x0 c:/program files (x86)/atmel/studio/7.0/toolchain/avr8/avr8-gnu-toolchain/bin/../lib/gcc/avr/5.4.0/avr5\libgcc.a(_clear_bss.o)
 .text.libgcc   0x00000000        0x0 c:/program files (x86)/atmel/studio/7.0/toolchain/avr8/avr8-gnu-toolchain/bin/../lib/gcc/avr/5.4.0/avr5\libgcc.a(_clear_bss.o)
 .text.libgcc.prologue
                0x00000000        0x0 c:/program files (x86)/atmel/studio/7.0/toolchain/avr8/avr8-gnu-toolchain/bin/../lib/gcc/avr/5.4.0/avr5\libgcc.a(_clear_bss.o)
 .text.libgcc.builtins
                0x00000000        0x0 c:/program files (x86)/atmel/studio/7.0/toolchain/avr8/avr8-gnu-toolchain/bin/../lib/gcc/avr/5.4.0/avr5\libgcc.a(_clear_bss.o)
 .text.libgcc.fmul
                0x00000000        0x0 c:/program files (x86)/atmel/studio/7.0/toolchain/avr8/avr8-gnu-toolchain/bin/../lib/gcc/avr/5.4.0/avr5\libgcc.a(_clear_bss.o)
 .text.libgcc.fixed
                0x00000000        0x0 c:/program files (x86)/atmel/studio/7.0/toolchain/avr8/avr8-gnu-toolchain/bin/../lib/gcc/avr/5.4.0/avr5\libgcc.a(_clear_bss.o)

Memory Configuration

Name             Origin             Length             Attributes
text             0x00000000         0x00008000         xr
data             0x00800060         0x00000800         rw !x
eeprom           0x00810000         0x00000400         rw !x
fuse             0x00820000         0x00000002         rw !x
lock             0x00830000         0x00000400         rw !x
signature        0x00840000         0x00000400         rw !x
user_signatures  0x00850000         0x00000400         rw !x
*default*        0x00000000         0xffffffff

Linker script and memory map

LOAD C:/Program Files (x86)/Atmel/Studio/7.0/Packs/Atmel/ATmega_DFP/1.7.374/gcc/dev/atmega32a/avr5/crtatmega32a.o
LOAD APP/app.o
LOAD HAL/button/button.o
LOAD HAL/car control/carControl.o
LOAD HAL/icu/icu.o
LOAD HAL/keypad/keypad.o
LOAD HAL/lcd/lcd.o
LOAD HAL/motor/motor.o
LOAD HAL/ultrasonic/us.o
LOAD main.o
LOAD MCAL/dio/dio.o
LOAD MCAL/dio/dio_lcfg.o
LOAD MCAL/exi/exi_interrupt.o
LOAD MCAL/timers/timer.o
LOAD MCAL/timers/timer_cfg.o
START GROUP
LOAD c:/program files (x86)/atmel/studio/7.0/toolchain/avr8/avr8-gnu-toolchain/bin/../lib/gcc/avr/5.4.0/../../../../avr/lib/avr5\libm.a
END GROUP
START GROUP
LOAD c:/program files (x86)/atmel/studio/7.0/toolchain/avr8/avr8-gnu-toolchain/bin/../lib/gcc/avr/5.4.0/avr5\libgcc.a
LOAD c:/program files (x86)/atmel/studio/7.0/toolchain/avr8/avr8-gnu-toolchain/bin/../lib/gcc/avr/5.4.0/../../../../avr/lib/avr5\libm.a
LOAD c:/program files (x86)/atmel/studio/7.0/toolchain/avr8/avr8-gnu-toolchain/bin/../lib/gcc/avr/5.4.0/../../../../avr/lib/avr5\libc.a
LOAD C:/Program Files (x86)/Atmel/Studio/7.0/Packs/Atmel/ATmega_DFP/1.7.374/gcc/dev/atmega32a/avr5\libatmega32a.a
END GROUP
                [0x00008000]                __TEXT_REGION_LENGTH__ = DEFINED (__TEXT_REGION_LENGTH__)?__TEXT_REGION_LENGTH__:0x20000
                [0x00000800]                __DATA_REGION_LENGTH__ = DEFINED (__DATA_REGION_LENGTH__)?__DATA_REGION_LENGTH__:0xffa0
                [0x00000400]                __EEPROM_REGION_LENGTH__ = DEFINED (__EEPROM_REGION_LENGTH__)?__EEPROM_REGION_LENGTH__:0x10000
                [0x00000002]                __FUSE_REGION_LENGTH__ = DEFINED (__FUSE_REGION_LENGTH__)?__FUSE_REGION_LENGTH__:0x400
                0x00000400                __LOCK_REGION_LENGTH__ = DEFINED (__LOCK_REGION_LENGTH__)?__LOCK_REGION_LENGTH__:0x400
                0x00000400                __SIGNATURE_REGION_LENGTH__ = DEFINED (__SIGNATURE_REGION_LENGTH__)?__SIGNATURE_REGION_LENGTH__:0x400
                0x00000400                __USER_SIGNATURE_REGION_LENGTH__ = DEFINED (__USER_SIGNATURE_REGION_LENGTH__)?__USER_SIGNATURE_REGION_LENGTH__:0x400

.hash
 *(.hash)

.dynsym
 *(.dynsym)

.dynstr
 *(.dynstr)

.gnu.version
 *(.gnu.version)

.gnu.version_d
 *(.gnu.version_d)

.gnu.version_r
 *(.gnu.version_r)

.rel.init
 *(.rel.init)

.rela.init
 *(.rela.init)

.rel.text
 *(.rel.text)
 *(.rel.text.*)
 *(.rel.gnu.linkonce.t*)

.rela.text
 *(.rela.text)
 *(.rela.text.*)
 *(.rela.gnu.linkonce.t*)

.rel.fini
 *(.rel.fini)

.rela.fini
 *(.rela.fini)

.rel.rodata
 *(.rel.rodata)
 *(.rel.rodata.*)
 *(.rel.gnu.linkonce.r*)

.rela.rodata
 *(.rela.rodata)
 *(.rela.rodata.*)
 *(.rela.gnu.linkonce.r*)

.rel.data
 *(.rel.data)
 *(.rel.data.*)
 *(.rel.gnu.linkonce.d*)

.rela.data
 *(.rela.data)
 *(.rela.data.*)
 *(.rela.gnu.linkonce.d*)

.rel.ctors
 *(.rel.ctors)

.rela.ctors
 *(.rela.ctors)

.rel.dtors
 *(.rel.dtors)

.rela.dtors
 *(.rela.dtors)

.rel.got
 *(.rel.got)

.rela.got
 *(.rela.got)

.rel.bss
 *(.rel.bss)

.rela.bss
 *(.rela.bss)

.rel.plt
 *(.rel.plt)

.rela.plt
 *(.rela.plt)

.text           0x00000000     0x202a
 *(.vectors)
 .vectors       0x00000000       0x54 C:/Program Files (x86)/Atmel/Studio/7.0/Packs/Atmel/ATmega_DFP/1.7.374/gcc/dev/atmega32a/avr5/crtatmega32a.o
                0x00000000                __vector_default
                0x00000000                __vectors
 *(.vectors)
 *(.progmem.gcc*)
 .progmem.gcc_sw_table.TIMER_2_start
                0x00000054       0x10 MCAL/timers/timer.o
                0x00000064                . = ALIGN (0x2)
                0x00000064                __trampolines_start = .
 *(.trampolines)
 .trampolines   0x00000064        0x0 linker stubs
 *(.trampolines*)
                0x00000064                __trampolines_end = .
 *libprintf_flt.a:*(.progmem.data)
 *libc.a:*(.progmem.data)
 *(.progmem*)
                0x00000064                . = ALIGN (0x2)
 *(.jumptables)
 *(.jumptables*)
 *(.lowtext)
 *(.lowtext*)
                0x00000064                __ctors_start = .
 *(.ctors)
                0x00000064                __ctors_end = .
                0x00000064                __dtors_start = .
 *(.dtors)
                0x00000064                __dtors_end = .
 SORT(*)(.ctors)
 SORT(*)(.dtors)
 *(.init0)
 .init0         0x00000064        0x0 C:/Program Files (x86)/Atmel/Studio/7.0/Packs/Atmel/ATmega_DFP/1.7.374/gcc/dev/atmega32a/avr5/crtatmega32a.o
                0x00000064                __init
 *(.init0)
 *(.init1)
 *(.init1)
 *(.init2)
 .init2         0x00000064        0xc C:/Program Files (x86)/Atmel/Studio/7.0/Packs/Atmel/ATmega_DFP/1.7.374/gcc/dev/atmega32a/avr5/crtatmega32a.o
 *(.init2)
 *(.init3)
 *(.init3)
 *(.init4)
 .init4         0x00000070       0x16 c:/program files (x86)/atmel/studio/7.0/toolchain/avr8/avr8-gnu-toolchain/bin/../lib/gcc/avr/5.4.0/avr5\libgcc.a(_copy_data.o)
                0x00000070                __do_copy_data
 .init4         0x00000086       0x10 c:/program files (x86)/atmel/studio/7.0/toolchain/avr8/avr8-gnu-toolchain/bin/../lib/gcc/avr/5.4.0/avr5\libgcc.a(_clear_bss.o)
                0x00000086                __do_clear_bss
 *(.init4)
 *(.init5)
 *(.init5)
 *(.init6)
 *(.init6)
 *(.init7)
 *(.init7)
 *(.init8)
 *(.init8)
 *(.init9)
 .init9         0x00000096        0x8 C:/Program Files (x86)/Atmel/Studio/7.0/Packs/Atmel/ATmega_DFP/1.7.374/gcc/dev/atmega32a/avr5/crtatmega32a.o
 *(.init9)
 *(.text)
 .text          0x0000009e        0x4 C:/Program Files (x86)/Atmel/Studio/7.0/Packs/Atmel/ATmega_DFP/1.7.374/gcc/dev/atmega32a/avr5/crtatmega32a.o
                0x0000009e                __vector_12
                0x0000009e                __bad_interrupt
                0x0000009e                __vector_6
                0x0000009e                __vector_11
                0x0000009e                __vector_13
                0x0000009e                __vector_17
                0x0000009e                __vector_19
                0x0000009e                __vector_7
                0x0000009e                __vector_4
                0x0000009e                __vector_15
                0x0000009e                __vector_8
                0x0000009e                __vector_14
                0x0000009e                __vector_10
                0x0000009e                __vector_16
                0x0000009e                __vector_18
                0x0000009e                __vector_20
                0x000000a2                . = ALIGN (0x2)
 *(.text.*)
 .text.TIMER_control
                0x000000a2      0x126 APP/app.o
                0x000000a2                TIMER_control
 .text.app_Init
                0x000001c8       0x14 APP/app.o
                0x000001c8                app_Init
 .text.start_stage
                0x000001dc       0x2c APP/app.o
                0x000001dc                start_stage
 .text.CAR_set_rotation_dir
                0x00000208       0xba APP/app.o
                0x00000208                CAR_set_rotation_dir
 .text.CAR_wait_2_sec
                0x000002c2       0x82 APP/app.o
                0x000002c2                CAR_wait_2_sec
 .text.CAR_no_obstacle_less_70
                0x00000344      0x128 APP/app.o
                0x00000344                CAR_no_obstacle_less_70
 .text.CAR_no_obstacle_between_30_and_70
                0x0000046c       0x9e APP/app.o
                0x0000046c                CAR_no_obstacle_between_30_and_70
 .text.CAR_no_obstacle_between_20_and_30
                0x0000050a      0x10a APP/app.o
                0x0000050a                CAR_no_obstacle_between_20_and_30
 .text.CAR_no_obstacle_less_20
                0x00000614       0xfa APP/app.o
                0x00000614                CAR_no_obstacle_less_20
 .text.app_Start
                0x0000070e       0xa0 APP/app.o
                0x0000070e                app_Start
 .text.Button_read
                0x000007ae       0x10 HAL/button/button.o
                0x000007ae                Button_read
 .text.pwm      0x000007be       0xaa HAL/car control/carControl.o
                0x000007be                pwm
 .text.rotate_90degree_calculation
                0x00000868       0x32 HAL/car control/carControl.o
                0x00000868                rotate_90degree_calculation
 .text.rotate_90degree_Right
                0x0000089a       0x2a HAL/car control/carControl.o
                0x0000089a                rotate_90degree_Right
 .text.rotate_90degree_Left
                0x000008c4       0x2a HAL/car control/carControl.o
                0x000008c4                rotate_90degree_Left
 .text.Icu_TimerOVF
                0x000008ee        0xc HAL/icu/icu.o
 .text.Icu_Enable
                0x000008fa       0x1e HAL/icu/icu.o
                0x000008fa                Icu_Enable
 .text.Icu_Disable
                0x00000918       0x10 HAL/icu/icu.o
                0x00000918                Icu_Disable
 .text.Icu_Trigger
                0x00000928        0x6 HAL/icu/icu.o
                0x00000928                Icu_Trigger
 .text.Icu_SetCallback
                0x0000092e        0x6 HAL/icu/icu.o
                0x0000092e                Icu_SetCallback
 .text.keypad_init
                0x00000934       0x16 HAL/keypad/keypad.o
                0x00000934                keypad_init
 .text.keypad_get_value
                0x0000094a       0xcc HAL/keypad/keypad.o
                0x0000094a                keypad_get_value
 .text.LCD_WRITE_COMMAND
                0x00000a16       0xc8 HAL/lcd/lcd.o
                0x00000a16                LCD_WRITE_COMMAND
 .text.LCD_WRITE_DATA
                0x00000ade       0xc8 HAL/lcd/lcd.o
                0x00000ade                LCD_WRITE_DATA
 .text.LCD_INIT
                0x00000ba6       0x68 HAL/lcd/lcd.o
                0x00000ba6                LCD_INIT
 .text.LCD_Write_String
                0x00000c0e       0x2c HAL/lcd/lcd.o
                0x00000c0e                LCD_Write_String
 .text.LCD_Write_Number
                0x00000c3a       0xa8 HAL/lcd/lcd.o
                0x00000c3a                LCD_Write_Number
 .text.LCD_Clear
                0x00000ce2        0x8 HAL/lcd/lcd.o
                0x00000ce2                LCD_Clear
 .text.LCD_GoTo
                0x00000cea       0x1c HAL/lcd/lcd.o
                0x00000cea                LCD_GoTo
 .text.Car_Moving_FWD
                0x00000d06       0x22 HAL/motor/motor.o
                0x00000d06                Car_Moving_FWD
 .text.Car_Moving_BWD
                0x00000d28       0x22 HAL/motor/motor.o
                0x00000d28                Car_Moving_BWD
 .text.Car_Stop
                0x00000d4a       0x22 HAL/motor/motor.o
                0x00000d4a                Car_Stop
 .text.Car_Rotating_Right
                0x00000d6c       0x22 HAL/motor/motor.o
                0x00000d6c                Car_Rotating_Right
 .text.Car_Rotating_Left
                0x00000d8e       0x22 HAL/motor/motor.o
                0x00000d8e                Car_Rotating_Left
 .text.ultrasonicgetTime
                0x00000db0       0xb4 HAL/ultrasonic/us.o
                0x00000db0                ultrasonicgetTime
 .text.Ultrasonic_init_SW
                0x00000e64        0xa HAL/ultrasonic/us.o
                0x00000e64                Ultrasonic_init_SW
 .text.Ultrasonic_GetDistance
                0x00000e6e       0x48 HAL/ultrasonic/us.o
                0x00000e6e                Ultrasonic_GetDistance
 .text.main     0x00000eb6        0xa main.o
                0x00000eb6                main
 .text.DIO_INITPIN
                0x00000ec0      0x204 MCAL/dio/dio.o
                0x00000ec0                DIO_INITPIN
 .text.DIO_WRITEPIN
                0x000010c4      0x13a MCAL/dio/dio.o
                0x000010c4                DIO_WRITEPIN
 .text.DIO_READPIN
                0x000011fe       0x98 MCAL/dio/dio.o
                0x000011fe                DIO_READPIN
 .text.DIO_Init
                0x00001296       0x2a MCAL/dio/dio.o
                0x00001296                DIO_Init
 .text.DIO_write
                0x000012c0      0x116 MCAL/dio/dio.o
                0x000012c0                DIO_write
 .text.DIO_read
                0x000013d6       0xc0 MCAL/dio/dio.o
                0x000013d6                DIO_read
 .text.EXI_Enable
                0x00001496       0x24 MCAL/exi/exi_interrupt.o
                0x00001496                EXI_Enable
 .text.EXI_Disable
                0x000014ba       0x24 MCAL/exi/exi_interrupt.o
                0x000014ba                EXI_Disable
 .text.EXI_Trigger
                0x000014de       0xb8 MCAL/exi/exi_interrupt.o
                0x000014de                EXI_Trigger
 .text.EXI_SetCallBack
                0x00001596       0x1e MCAL/exi/exi_interrupt.o
                0x00001596                EXI_SetCallBack
 .text.__vector_1
                0x000015b4       0x52 MCAL/exi/exi_interrupt.o
                0x000015b4                __vector_1
 .text.__vector_2
                0x00001606       0x1e MCAL/exi/exi_interrupt.o
                0x00001606                __vector_2
 .text.__vector_3
                0x00001624       0x52 MCAL/exi/exi_interrupt.o
                0x00001624                __vector_3
 .text.TIMER_0_init
                0x00001676       0x58 MCAL/timers/timer.o
                0x00001676                TIMER_0_init
 .text.TIMER_0_start
                0x000016ce       0x90 MCAL/timers/timer.o
                0x000016ce                TIMER_0_start
 .text.TIMER_0_setIntialValue
                0x0000175e       0x50 MCAL/timers/timer.o
                0x0000175e                TIMER_0_setIntialValue
 .text.TIMER_0_OvfNum
                0x000017ae       0x92 MCAL/timers/timer.o
                0x000017ae                TIMER_0_OvfNum
 .text.TIMER_0_DELAY_MS
                0x00001840       0x84 MCAL/timers/timer.o
                0x00001840                TIMER_0_DELAY_MS
 .text.TIMER_0_pwm
                0x000018c4       0x30 MCAL/timers/timer.o
                0x000018c4                TIMER_0_pwm
 .text.Timer1_Init
                0x000018f4       0x4a MCAL/timers/timer.o
                0x000018f4                Timer1_Init
 .text.Timer1_OVF_InterruptEnable
                0x0000193e        0x8 MCAL/timers/timer.o
                0x0000193e                Timer1_OVF_InterruptEnable
 .text.Timer1_OVF_SetCallBack
                0x00001946        0xa MCAL/timers/timer.o
                0x00001946                Timer1_OVF_SetCallBack
 .text.__vector_9
                0x00001950       0x52 MCAL/timers/timer.o
                0x00001950                __vector_9
 .text.TIMER_2_init
                0x000019a2       0x58 MCAL/timers/timer.o
                0x000019a2                TIMER_2_init
 .text.TIMER_2_stop
                0x000019fa       0x14 MCAL/timers/timer.o
                0x000019fa                TIMER_2_stop
 .text.TIMER_2_start
                0x00001a0e       0xb8 MCAL/timers/timer.o
                0x00001a0e                TIMER_2_start
 .text.TIMER_2_INT
                0x00001ac6       0x14 MCAL/timers/timer.o
                0x00001ac6                TIMER_2_INT
 .text.TIMER_2_SetCallBack
                0x00001ada        0xa MCAL/timers/timer.o
                0x00001ada                TIMER_2_SetCallBack
 .text.__vector_5
                0x00001ae4       0x4e MCAL/timers/timer.o
                0x00001ae4                __vector_5
 .text.avr-libc.fplib
                0x00001b32        0xe c:/program files (x86)/atmel/studio/7.0/toolchain/avr8/avr8-gnu-toolchain/bin/../lib/gcc/avr/5.4.0/../../../../avr/lib/avr5\libm.a(addsf3.o)
                0x00001b32                __subsf3
                0x00001b34                __addsf3
 .text.avr-libc.fplib
                0x00001b40       0xcc c:/program files (x86)/atmel/studio/7.0/toolchain/avr8/avr8-gnu-toolchain/bin/../lib/gcc/avr/5.4.0/../../../../avr/lib/avr5\libm.a(addsf3x.o)
                0x00001b62                __addsf3x
 .text.avr-libc.fplib
                0x00001c0c       0x2e c:/program files (x86)/atmel/studio/7.0/toolchain/avr8/avr8-gnu-toolchain/bin/../lib/gcc/avr/5.4.0/../../../../avr/lib/avr5\libm.a(ceil.o)
                0x00001c0c                ceil
 .text.avr-libc.fplib
                0x00001c3a        0xa c:/program files (x86)/atmel/studio/7.0/toolchain/avr8/avr8-gnu-toolchain/bin/../lib/gcc/avr/5.4.0/../../../../avr/lib/avr5\libm.a(cmpsf2.o)
                0x00001c3a                __nesf2
                0x00001c3a                __eqsf2
                0x00001c3a                __cmpsf2
                0x00001c3a                __ltsf2
                0x00001c3a                __lesf2
 .text.avr-libc.fplib
                0x00001c44        0x8 c:/program files (x86)/atmel/studio/7.0/toolchain/avr8/avr8-gnu-toolchain/bin/../lib/gcc/avr/5.4.0/../../../../avr/lib/avr5\libm.a(divsf3.o)
                0x00001c44                __divsf3
 .text.avr-libc.fplib
                0x00001c4c       0xdc c:/program files (x86)/atmel/studio/7.0/toolchain/avr8/avr8-gnu-toolchain/bin/../lib/gcc/avr/5.4.0/../../../../avr/lib/avr5\libm.a(divsf3x.o)
                0x00001c6c                __divsf3x
                0x00001c72                __divsf3_pse
 .text.avr-libc.fplib
                0x00001d28       0x5e c:/program files (x86)/atmel/studio/7.0/toolchain/avr8/avr8-gnu-toolchain/bin/../lib/gcc/avr/5.4.0/../../../../avr/lib/avr5\libm.a(fixunssfsi.o)
                0x00001d28                __fixunssfsi
 .text.avr-libc.fplib
                0x00001d86       0x48 c:/program files (x86)/atmel/studio/7.0/toolchain/avr8/avr8-gnu-toolchain/bin/../lib/gcc/avr/5.4.0/../../../../avr/lib/avr5\libm.a(fp_cmp.o)
                0x00001d86                __fp_cmp
 .text.avr-libc.fplib
                0x00001dce        0xc c:/program files (x86)/atmel/studio/7.0/toolchain/avr8/avr8-gnu-toolchain/bin/../lib/gcc/avr/5.4.0/../../../../avr/lib/avr5\libm.a(fp_inf.o)
                0x00001dce                __fp_inf
 .text.avr-libc.fplib
                0x00001dda       0x36 c:/program files (x86)/atmel/studio/7.0/toolchain/avr8/avr8-gnu-toolchain/bin/../lib/gcc/avr/5.4.0/../../../../avr/lib/avr5\libm.a(fp_mintl.o)
                0x00001dda                __fp_mintl
 .text.avr-libc.fplib
                0x00001e10       0x1c c:/program files (x86)/atmel/studio/7.0/toolchain/avr8/avr8-gnu-toolchain/bin/../lib/gcc/avr/5.4.0/../../../../avr/lib/avr5\libm.a(fp_mpack.o)
                0x00001e10                __fp_mpack
                0x00001e14                __fp_mpack_finite
 .text.avr-libc.fplib
                0x00001e2c        0x6 c:/program files (x86)/atmel/studio/7.0/toolchain/avr8/avr8-gnu-toolchain/bin/../lib/gcc/avr/5.4.0/../../../../avr/lib/avr5\libm.a(fp_nan.o)
                0x00001e2c                __fp_nan
 .text.avr-libc.fplib
                0x00001e32        0xe c:/program files (x86)/atmel/studio/7.0/toolchain/avr8/avr8-gnu-toolchain/bin/../lib/gcc/avr/5.4.0/../../../../avr/lib/avr5\libm.a(fp_pscA.o)
                0x00001e32                __fp_pscA
 .text.avr-libc.fplib
                0x00001e40        0xe c:/program files (x86)/atmel/studio/7.0/toolchain/avr8/avr8-gnu-toolchain/bin/../lib/gcc/avr/5.4.0/../../../../avr/lib/avr5\libm.a(fp_pscB.o)
                0x00001e40                __fp_pscB
 .text.avr-libc.fplib
                0x00001e4e       0x22 c:/program files (x86)/atmel/studio/7.0/toolchain/avr8/avr8-gnu-toolchain/bin/../lib/gcc/avr/5.4.0/../../../../avr/lib/avr5\libm.a(fp_round.o)
                0x00001e4e                __fp_round
 .text.avr-libc.fplib
                0x00001e70       0x44 c:/program files (x86)/atmel/studio/7.0/toolchain/avr8/avr8-gnu-toolchain/bin/../lib/gcc/avr/5.4.0/../../../../avr/lib/avr5\libm.a(fp_split3.o)
                0x00001e70                __fp_split3
                0x00001e80                __fp_splitA
 .text.avr-libc.fplib
                0x00001eb4       0x30 c:/program files (x86)/atmel/studio/7.0/toolchain/avr8/avr8-gnu-toolchain/bin/../lib/gcc/avr/5.4.0/../../../../avr/lib/avr5\libm.a(fp_trunc.o)
                0x00001eb4                __fp_trunc
 .text.avr-libc.fplib
                0x00001ee4        0xe c:/program files (x86)/atmel/studio/7.0/toolchain/avr8/avr8-gnu-toolchain/bin/../lib/gcc/avr/5.4.0/../../../../avr/lib/avr5\libm.a(fp_zero.o)
                0x00001ee4                __fp_zero
                0x00001ee6                __fp_szero
 .text.avr-libc.fplib
                0x00001ef2        0xa c:/program files (x86)/atmel/studio/7.0/toolchain/avr8/avr8-gnu-toolchain/bin/../lib/gcc/avr/5.4.0/../../../../avr/lib/avr5\libm.a(gesf2.o)
                0x00001ef2                __gesf2
                0x00001ef2                __gtsf2
 .text.avr-libc.fplib
                0x00001efc        0x8 c:/program files (x86)/atmel/studio/7.0/toolchain/avr8/avr8-gnu-toolchain/bin/../lib/gcc/avr/5.4.0/../../../../avr/lib/avr5\libm.a(mulsf3.o)
                0x00001efc                __mulsf3
 .text.avr-libc.fplib
                0x00001f04       0xd2 c:/program files (x86)/atmel/studio/7.0/toolchain/avr8/avr8-gnu-toolchain/bin/../lib/gcc/avr/5.4.0/../../../../avr/lib/avr5\libm.a(mulsf3x.o)
                0x00001f22                __mulsf3x
                0x00001f28                __mulsf3_pse
 .text.libgcc.div
                0x00001fd6       0x44 c:/program files (x86)/atmel/studio/7.0/toolchain/avr8/avr8-gnu-toolchain/bin/../lib/gcc/avr/5.4.0/avr5\libgcc.a(_udivmodsi4.o)
                0x00001fd6                __udivmodsi4
 .text.libgcc   0x0000201a        0xc c:/program files (x86)/atmel/studio/7.0/toolchain/avr8/avr8-gnu-toolchain/bin/../lib/gcc/avr/5.4.0/avr5\libgcc.a(_tablejump2.o)
                0x0000201a                __tablejump2__
                0x00002026                . = ALIGN (0x2)
 *(.fini9)
 .fini9         0x00002026        0x0 c:/program files (x86)/atmel/studio/7.0/toolchain/avr8/avr8-gnu-toolchain/bin/../lib/gcc/avr/5.4.0/avr5\libgcc.a(_exit.o)
                0x00002026                _exit
                0x00002026                exit
 *(.fini9)
 *(.fini8)
 *(.fini8)
 *(.fini7)
 *(.fini7)
 *(.fini6)
 *(.fini6)
 *(.fini5)
 *(.fini5)
 *(.fini4)
 *(.fini4)
 *(.fini3)
 *(.fini3)
 *(.fini2)
 *(.fini2)
 *(.fini1)
 *(.fini1)
 *(.fini0)
 .fini0         0x00002026        0x4 c:/program files (x86)/atmel/studio/7.0/toolchain/avr8/avr8-gnu-toolchain/bin/../lib/gcc/avr/5.4.0/avr5\libgcc.a(_exit.o)
 *(.fini0)
                0x0000202a                _etext = .

.data           0x00800060       0xe6 load address 0x0000202a
                0x00800060                PROVIDE (__data_start, .)
 *(.data)
 *(.data*)
 .data.u8_sg_default_Rot
                0x00800060        0x1 APP/app.o
                0x00800060                u8_sg_default_Rot
 .data.button_state
                0x00800061        0x1 APP/app.o
                0x00800061                button_state
 .data.g_start_stop
                0x00800062        0x1 APP/app.o
                0x00800062                g_start_stop
 .data.button_value
                0x00800063        0x4 HAL/keypad/keypad.o
                0x00800063                button_value
 .data.dio_arr  0x00800067       0x26 MCAL/dio/dio_lcfg.o
                0x00800067                dio_arr
 *(.gnu.linkonce.d*)
 *(.rodata)
 *(.rodata*)
 .rodata.str1.1
                0x0080008d       0xb2 APP/app.o
                                 0xb8 (size before relaxing)
 .rodata.Timer_cfgArray
                0x0080013f        0x6 MCAL/timers/timer_cfg.o
                0x0080013f                Timer_cfgArray
 *(.gnu.linkonce.r*)
                0x00800146                . = ALIGN (0x2)
 *fill*         0x00800145        0x1 
                0x00800146                _edata = .
                0x00800146                PROVIDE (__data_end, .)

.bss            0x00800146       0x3d
                0x00800146                PROVIDE (__bss_start, .)
 *(.bss)
 *(.bss*)
 .bss.flag_Wait.2097
                0x00800146        0x1 APP/app.o
 .bss.flag_Wait.2094
                0x00800147        0x1 APP/app.o
 .bss.flag_Wait.2088
                0x00800148        0x1 APP/app.o
 .bss.TIMER_ovf
                0x00800149        0x4 APP/app.o
 .bss.u8_sg_stageFlag
                0x0080014d        0x1 APP/app.o
                0x0080014d                u8_sg_stageFlag
 .bss.u8_sg_delay_5_SEC
                0x0080014e        0x1 APP/app.o
                0x0080014e                u8_sg_delay_5_SEC
 .bss.u8_sg_delay_2_sec
                0x0080014f        0x1 APP/app.o
                0x0080014f                u8_sg_delay_2_sec
 .bss.u8_sg_delay_5_sec
                0x00800150        0x1 APP/app.o
                0x00800150                u8_sg_delay_5_sec
 .bss.count_OVF
                0x00800151        0x1 HAL/icu/icu.o
 .bss.counter   0x00800152        0x1 HAL/keypad/keypad.o
                0x00800152                counter
 .bss.T2.1988   0x00800153        0x4 HAL/ultrasonic/us.o
 .bss.T1.1987   0x00800157        0x4 HAL/ultrasonic/us.o
 .bss.flag.1986
                0x0080015b        0x1 HAL/ultrasonic/us.o
 .bss.Disptr    0x0080015c        0x2 HAL/ultrasonic/us.o
 .bss.Get_Dis   0x0080015e        0x1 HAL/ultrasonic/us.o
                0x0080015e                Get_Dis
 .bss.car_flag  0x0080015f        0x1 MCAL/exi/exi_interrupt.o
                0x0080015f                car_flag
 .bss.ptrf_INT_2
                0x00800160        0x2 MCAL/exi/exi_interrupt.o
 .bss.ptrf_INT_0
                0x00800162        0x2 MCAL/exi/exi_interrupt.o
 .bss.ptrf_TIMER_2
                0x00800164        0x2 MCAL/timers/timer.o
 .bss.Timer1_OVF_Fptr
                0x00800166        0x2 MCAL/timers/timer.o
 .bss.g_ovfNum  0x00800168        0x4 MCAL/timers/timer.o
 *(COMMON)
 COMMON         0x0080016c        0x3 APP/app.o
                0x0080016c                g_timerFlag
                0x0080016d                u8_sg_distance
 COMMON         0x0080016f       0x14 HAL/car control/carControl.o
                0x0080016f                g_time2
                0x00800173                time_rotation_state
                0x00800177                rotation_per_circle
                0x0080017b                g_speed
                0x0080017f                g_time1
                0x00800183                PROVIDE (__bss_end, .)
                0x0000202a                __data_load_start = LOADADDR (.data)
                0x00002110                __data_load_end = (__data_load_start + SIZEOF (.data))

.noinit         0x00800183        0x0
                [!provide]                PROVIDE (__noinit_start, .)
 *(.noinit*)
                [!provide]                PROVIDE (__noinit_end, .)
                0x00800183                _end = .
                [!provide]                PROVIDE (__heap_start, .)

.eeprom         0x00810000        0x0
 *(.eeprom*)
                0x00810000                __eeprom_end = .

.fuse
 *(.fuse)
 *(.lfuse)
 *(.hfuse)
 *(.efuse)

.lock
 *(.lock*)

.signature
 *(.signature*)

.user_signatures
 *(.user_signatures*)

.stab
 *(.stab)

.stabstr
 *(.stabstr)

.stab.excl
 *(.stab.excl)

.stab.exclstr
 *(.stab.exclstr)

.stab.index
 *(.stab.index)

.stab.indexstr
 *(.stab.indexstr)

.comment        0x00000000       0x60
 *(.comment)
 .comment       0x00000000       0x30 APP/app.o
                                 0x31 (size before relaxing)
 .comment       0x00000030       0x30 HAL/button/button.o
                                 0x31 (size before relaxing)
 .comment       0x00000060       0x31 HAL/car control/carControl.o
 .comment       0x00000060       0x31 HAL/icu/icu.o
 .comment       0x00000060       0x31 HAL/keypad/keypad.o
 .comment       0x00000060       0x31 HAL/lcd/lcd.o
 .comment       0x00000060       0x31 HAL/motor/motor.o
 .comment       0x00000060       0x31 HAL/ultrasonic/us.o
 .comment       0x00000060       0x31 main.o
 .comment       0x00000060       0x31 MCAL/dio/dio.o
 .comment       0x00000060       0x31 MCAL/dio/dio_lcfg.o
 .comment       0x00000060       0x31 MCAL/exi/exi_interrupt.o
 .comment       0x00000060       0x31 MCAL/timers/timer.o
 .comment       0x00000060       0x31 MCAL/timers/timer_cfg.o

.note.gnu.avr.deviceinfo
                0x00000000       0x3c
 .note.gnu.avr.deviceinfo
                0x00000000       0x3c C:/Program Files (x86)/Atmel/Studio/7.0/Packs/Atmel/ATmega_DFP/1.7.374/gcc/dev/atmega32a/avr5/crtatmega32a.o

.note.gnu.build-id
 *(.note.gnu.build-id)

.debug
 *(.debug)

.line
 *(.line)

.debug_srcinfo
 *(.debug_srcinfo)

.debug_sfnames
 *(.debug_sfnames)

.debug_aranges  0x00000000      0x3d0
 *(.debug_aranges)
 .debug_aranges
                0x00000000       0x68 APP/app.o
 .debug_aranges
                0x00000068       0x28 HAL/button/button.o
 .debug_aranges
                0x00000090       0x38 HAL/car control/carControl.o
 .debug_aranges
                0x000000c8       0x40 HAL/icu/icu.o
 .debug_aranges
                0x00000108       0x28 HAL/keypad/keypad.o
 .debug_aranges
                0x00000130       0x60 HAL/lcd/lcd.o
 .debug_aranges
                0x00000190       0x50 HAL/motor/motor.o
 .debug_aranges
                0x000001e0       0x30 HAL/ultrasonic/us.o
 .debug_aranges
                0x00000210       0x20 main.o
 .debug_aranges
                0x00000230       0x60 MCAL/dio/dio.o
 .debug_aranges
                0x00000290       0x18 MCAL/dio/dio_lcfg.o
 .debug_aranges
                0x000002a8       0x50 MCAL/exi/exi_interrupt.o
 .debug_aranges
                0x000002f8       0xc0 MCAL/timers/timer.o
 .debug_aranges
                0x000003b8       0x18 MCAL/timers/timer_cfg.o

.debug_pubnames
 *(.debug_pubnames)

.debug_info     0x00000000     0x49d3
 *(.debug_info .gnu.linkonce.wi.*)
 .debug_info    0x00000000      0x4e6 C:/Program Files (x86)/Atmel/Studio/7.0/Packs/Atmel/ATmega_DFP/1.7.374/gcc/dev/atmega32a/avr5/crtatmega32a.o
 .debug_info    0x000004e6     0x1026 APP/app.o
 .debug_info    0x0000150c      0x2be HAL/button/button.o
 .debug_info    0x000017ca      0x368 HAL/car control/carControl.o
 .debug_info    0x00001b32      0x3ca HAL/icu/icu.o
 .debug_info    0x00001efc      0x31c HAL/keypad/keypad.o
 .debug_info    0x00002218      0xa90 HAL/lcd/lcd.o
 .debug_info    0x00002ca8      0x49a HAL/motor/motor.o
 .debug_info    0x00003142      0x3f1 HAL/ultrasonic/us.o
 .debug_info    0x00003533       0xcc main.o
 .debug_info    0x000035ff      0x509 MCAL/dio/dio.o
 .debug_info    0x00003b08      0x1ce MCAL/dio/dio_lcfg.o
 .debug_info    0x00003cd6      0x306 MCAL/exi/exi_interrupt.o
 .debug_info    0x00003fdc      0x808 MCAL/timers/timer.o
 .debug_info    0x000047e4      0x1ef MCAL/timers/timer_cfg.o

.debug_abbrev   0x00000000     0x1562
 *(.debug_abbrev)
 .debug_abbrev  0x00000000      0x4a3 C:/Program Files (x86)/Atmel/Studio/7.0/Packs/Atmel/ATmega_DFP/1.7.374/gcc/dev/atmega32a/avr5/crtatmega32a.o
 .debug_abbrev  0x000004a3      0x1bc APP/app.o
 .debug_abbrev  0x0000065f       0xca HAL/button/button.o
 .debug_abbrev  0x00000729      0x109 HAL/car control/carControl.o
 .debug_abbrev  0x00000832       0xee HAL/icu/icu.o
 .debug_abbrev  0x00000920      0x109 HAL/keypad/keypad.o
 .debug_abbrev  0x00000a29      0x176 HAL/lcd/lcd.o
 .debug_abbrev  0x00000b9f       0x89 HAL/motor/motor.o
 .debug_abbrev  0x00000c28      0x171 HAL/ultrasonic/us.o
 .debug_abbrev  0x00000d99       0x84 main.o
 .debug_abbrev  0x00000e1d      0x1da MCAL/dio/dio.o
 .debug_abbrev  0x00000ff7       0x95 MCAL/dio/dio_lcfg.o
 .debug_abbrev  0x0000108c      0x121 MCAL/exi/exi_interrupt.o
 .debug_abbrev  0x000011ad      0x326 MCAL/timers/timer.o
 .debug_abbrev  0x000014d3       0x8f MCAL/timers/timer_cfg.o

.debug_line     0x00000000     0x2367
 *(.debug_line .debug_line.* .debug_line_end)
 .debug_line    0x00000000      0x116 C:/Program Files (x86)/Atmel/Studio/7.0/Packs/Atmel/ATmega_DFP/1.7.374/gcc/dev/atmega32a/avr5/crtatmega32a.o
 .debug_line    0x00000116      0x767 APP/app.o
 .debug_line    0x0000087d       0xc0 HAL/button/button.o
 .debug_line    0x0000093d      0x152 HAL/car control/carControl.o
 .debug_line    0x00000a8f      0x178 HAL/icu/icu.o
 .debug_line    0x00000c07      0x14b HAL/keypad/keypad.o
 .debug_line    0x00000d52      0x392 HAL/lcd/lcd.o
 .debug_line    0x000010e4      0x16f HAL/motor/motor.o
 .debug_line    0x00001253      0x241 HAL/ultrasonic/us.o
 .debug_line    0x00001494       0x8c main.o
 .debug_line    0x00001520      0x462 MCAL/dio/dio.o
 .debug_line    0x00001982       0x3d MCAL/dio/dio_lcfg.o
 .debug_line    0x000019bf      0x24a MCAL/exi/exi_interrupt.o
 .debug_line    0x00001c09      0x6f5 MCAL/timers/timer.o
 .debug_line    0x000022fe       0x69 MCAL/timers/timer_cfg.o

.debug_frame    0x00000000      0x89c
 *(.debug_frame)
 .debug_frame   0x00000000       0xb4 APP/app.o
 .debug_frame   0x000000b4       0x34 HAL/button/button.o
 .debug_frame   0x000000e8       0x68 HAL/car control/carControl.o
 .debug_frame   0x00000150       0x64 HAL/icu/icu.o
 .debug_frame   0x000001b4       0x7c HAL/keypad/keypad.o
 .debug_frame   0x00000230      0x10c HAL/lcd/lcd.o
 .debug_frame   0x0000033c       0x84 HAL/motor/motor.o
 .debug_frame   0x000003c0       0x58 HAL/ultrasonic/us.o
 .debug_frame   0x00000418       0x24 main.o
 .debug_frame   0x0000043c       0xc8 MCAL/dio/dio.o
 .debug_frame   0x00000504      0x124 MCAL/exi/exi_interrupt.o
 .debug_frame   0x00000628      0x274 MCAL/timers/timer.o

.debug_str      0x00000000     0x1272
 *(.debug_str)
 .debug_str     0x00000000      0x196 C:/Program Files (x86)/Atmel/Studio/7.0/Packs/Atmel/ATmega_DFP/1.7.374/gcc/dev/atmega32a/avr5/crtatmega32a.o
 .debug_str     0x00000196      0x63c APP/app.o
                                0x682 (size before relaxing)
 .debug_str     0x000007d2      0x166 HAL/button/button.o
                                0x335 (size before relaxing)
 .debug_str     0x00000938       0xd3 HAL/car control/carControl.o
                                0x34d (size before relaxing)
 .debug_str     0x00000a0b      0x27b HAL/icu/icu.o
                                0x441 (size before relaxing)
 .debug_str     0x00000c86       0xac HAL/keypad/keypad.o
                                0x33a (size before relaxing)
 .debug_str     0x00000d32       0xd4 HAL/lcd/lcd.o
                                0x41f (size before relaxing)
 .debug_str     0x00000e06       0x32 HAL/motor/motor.o
                                0x2f5 (size before relaxing)
 .debug_str     0x00000e38       0x47 HAL/ultrasonic/us.o
                                0x411 (size before relaxing)
 .debug_str     0x00000e7f       0x16 main.o
                                0x20b (size before relaxing)
 .debug_str     0x00000e95      0x107 MCAL/dio/dio.o
                                0x41c (size before relaxing)
 .debug_str     0x00000f9c       0x17 MCAL/dio/dio_lcfg.o
                                0x2dc (size before relaxing)
 .debug_str     0x00000fb3       0x8c MCAL/exi/exi_interrupt.o
                                0x38f (size before relaxing)
 .debug_str     0x0000103f      0x218 MCAL/timers/timer.o
                                0x5f7 (size before relaxing)
 .debug_str     0x00001257       0x1b MCAL/timers/timer_cfg.o
                                0x35e (size before relaxing)

.debug_loc      0x00000000     0x251b
 *(.debug_loc)
 .debug_loc     0x00000000       0x80 APP/app.o
 .debug_loc     0x00000080      0x1c2 HAL/button/button.o
 .debug_loc     0x00000242       0x77 HAL/car control/carControl.o
 .debug_loc     0x000002b9       0xcb HAL/icu/icu.o
 .debug_loc     0x00000384      0x1ee HAL/keypad/keypad.o
 .debug_loc     0x00000572      0x804 HAL/lcd/lcd.o
 .debug_loc     0x00000d76       0xc3 HAL/ultrasonic/us.o
 .debug_loc     0x00000e39      0xc25 MCAL/dio/dio.o
 .debug_loc     0x00001a5e      0x37a MCAL/exi/exi_interrupt.o
 .debug_loc     0x00001dd8      0x743 MCAL/timers/timer.o

.debug_macinfo
 *(.debug_macinfo)

.debug_weaknames
 *(.debug_weaknames)

.debug_funcnames
 *(.debug_funcnames)

.debug_typenames
 *(.debug_typenames)

.debug_varnames
 *(.debug_varnames)

.debug_pubtypes
 *(.debug_pubtypes)

.debug_ranges   0x00000000      0x2e0
 *(.debug_ranges)
 .debug_ranges  0x00000000       0x58 APP/app.o
 .debug_ranges  0x00000058       0x18 HAL/button/button.o
 .debug_ranges  0x00000070       0x28 HAL/car control/carControl.o
 .debug_ranges  0x00000098       0x30 HAL/icu/icu.o
 .debug_ranges  0x000000c8       0x18 HAL/keypad/keypad.o
 .debug_ranges  0x000000e0       0x50 HAL/lcd/lcd.o
 .debug_ranges  0x00000130       0x40 HAL/motor/motor.o
 .debug_ranges  0x00000170       0x20 HAL/ultrasonic/us.o
 .debug_ranges  0x00000190       0x10 main.o
 .debug_ranges  0x000001a0       0x50 MCAL/dio/dio.o
 .debug_ranges  0x000001f0       0x40 MCAL/exi/exi_interrupt.o
 .debug_ranges  0x00000230       0xb0 MCAL/timers/timer.o

.debug_macro
 *(.debug_macro)
OUTPUT(Obstacle Avoidance Robot V1.0.elf elf32-avr)
LOAD linker stubs
